Case #1: 1 3 4 5 6 2
Case #2: 2 3 4 5 6 1
Case #3: 1 2 7 8 10 9 11 3 5 6 4
