Case #1: 5 4 1 3 2
Case #2: 2 3 1 4
Case #3: 1 2 3 4
