1
18
15
39
35
99
107
54
62
75
80
84
89
90
82
85
104
42
48
54
60
66
72
63
45
48
51
66
69
72
67
68
80
86
68
60
31
80
33
38
43
48
53
58
66
70
74
39
22
22
20
2
17
21
23
24
29
30
25
27
29
30
32
34
10
11
12
13
14
28
30
32
34
36
38
44
47
49
50
18
19
22
26
29
32
35
38
39
42
45
48
36
27
59
60
50
53
55
25
57
