Case #1: UNBOUNDED
Case #2: 0
Case #3: 10
Case #4: 0
Case #5: 2
Case #6: UNBOUNDED
