2 1 1 1 1
3 3 2 2 2
7 6 6 6 4
5 5 5 5 5
16 14 12 11 11
