Case #1: 1 0 1 1
Case #2: 2 0
Case #3: 1 1
Case #4: 0 0 0 0 0 0 0 0 0 1
