Case #1: 27 119
Case #2: 0 1
Case #3: 0 1
Case #4: 1 5
Case #5: 101 109
Case #6: 19 23
Case #7: 0 1
