138645
66341
134044
38739
75218
73371
11440
30888
20592
114493
