2
1
10
120
64269
16
141525
26334
79365
2925
91278
46215
89910
60390
138645
66341
134044
38739
75218
73371
11440
30888
20592
114493
