64269
16
141525
26334
79365
2925
91278
46215
89910
60390
