Case #1: aZ
Case #2: aY bX bY cY
Case #3: NONE
Case #4: dF
