Case #1: 2.000000 1.800000
Case #2: 2.190476 2.476190
Case #3: 2.285714
