3 -2
14 -2
7 -2
4 -5
1 0
25 -49
30 -30
3 -6
10 -3
32 -26
45 -74
8 -9
71 -27
63 -14
3 0
5 -3
64 -46
24 -18
22 -34
12 -24
29 -52
20 -37
2 0
43 -4
1 -1
40 -36
43 -22
17 -29
20 -8
1 12
8 -15
22 -29
4 0
27 -29
7 -54
5 -10
17 -12
13 -14
6 -5
6 -12
59 -32
10 -5
39 -6
9 -4
50 -31
16 -6
9 -28
8 -5
13 -10
4 1
20 -7
4 -29
73 -23
31 -16
17 -46
4 -54
25 -15
7 -12
4 -42
22 -2
22 -14
24 -21
16 -28
4 -7
33 -46
62 -37
16 1
94 -33
20 -20
33 -31
78 -61
27 -28
26 -30
29 -22
47 -10
34 -22
27 -7
37 -18
6 -2
34 -17
20 -55
59 -18
12 -29
73 -92
18 -32
67 -15
74 -32
60 -65
2 -10
22 -11
90 -53
10 -14
14 -18
62 -56
15 -6
15 -56
24 -54
5 -34
27 -72
40 -44
