8 -12
30 -20
42 1
16 0
3 -8
73 -92
7 -27
4 -43
40 -21
28 -27
2 -17
19 6
11 -12
19 -8
5 -22
10 -6
1 -39
20 -27
21 -15
24 -7
14 -12
60 -42
6 -1
39 -4
66 -93
47 -20
67 -10
25 -40
14 -3
14 -7
7 -4
30 -73
1 0
5 -30
50 -49
32 -29
8 -9
3 0
2 1
1 0
33 -13
27 -2
2 0
19 0
18 -38
58 -41
28 -6
68 -61
9 -14
11 -20
6 -7
41 -30
20 -73
24 -1
13 -8
12 -52
63 -3
25 -13
11 -35
13 -15
13 -64
1 0
19 -8
19 -16
2 0
45 -18
1 1
19 -36
22 -25
4 -3
22 -2
6 -60
20 -48
11 -8
44 -47
65 -51
35 -9
6 -7
13 -10
9 -9
16 -7
13 -19
21 -37
1 1
24 -49
21 -19
2 1
47 -19
3 0
6 -22
22 -1
3 0
2 -15
11 -11
7 -40
4 -1
2 -1
10 0
3 -1
6 -8
