0
0
0
0
0
0
0
0
10990
0
3974
0
0
5233
0
4284
5233
0
4965
0
0
9037
4493
0
14284
7422
11449
0
6224
0
4195
0
6951
6652
4195
1030
10067
1030
1030
2156
4195
1030
3087
13024
