Case #1: FFT 3/1
Case #2: FFT 2/1
Case #3: FFFTFTTTFFFFTFTFFTFTTTTTTTFFFFTTTFTTTTFFTFTTTTTFFFTFTFTFFFFTFFTTFTFTFTTTTTFFTFFFFFFFFTTFTTTTTTFTTTTFFFFTFTFTTFTFFFFTTTFT 189154508532118369075350624633/2901503505434414233388602018
