and
In a prologue a young couple at a diner discuss their life of crime as robbers and the prospect of robbing a restaurant
In a prologue a young couple at a diner discuss their life of crime as robbers and the prospect of robbing a restaurant.They decide to rob the diner and begin the holdup.
